2024-11-15 09:39:41,122 - DEBUG - This is a debug message
2024-11-15 09:39:41,123 - INFO - This is an info message
2024-11-15 09:39:41,123 - WARNING - This is a warning message
2024-11-15 09:39:41,124 - ERROR - This is an error message
2024-11-15 09:39:41,125 - CRITICAL - This is a critical message
2024-11-15 09:39:41,126 - INFO - Starting main program
2024-11-15 09:39:41,128 - DEBUG - Input parameters: {'GexpFile': 'tests/test4.dat', 'plateau': False, 'verbose': True, 'plotting': True, 'ns': 100, 'lamC': 0, 'SmFacLam': 0, 'FreqEnd': 1, 'MaxNumModes': 0, 'lam_min': 1e-10, 'lam_max': 1000.0, 'lamDensity': 2, 'rho_cutoff': 0, 'deltaBaseWeightDist': 0.2, 'minTauSpacing': 1.25}
2024-11-15 09:39:41,128 - INFO - Starting getContSpec
2024-11-15 09:39:41,129 - INFO - Starting getContSpec
2024-11-15 09:39:41,132 - DEBUG - InitializeH called with Gexp shape: (100,), wexp shape: (100,), s shape: (100,), kernMat shape: (100, 100)
2024-11-15 09:39:41,133 - DEBUG - getH called with lambda: 1.0, Gexp shape: (100,), wexp shape: (100,), H shape: (100,), kernMat shape: (100, 100)
2024-11-15 09:39:41,134 - DEBUG - residualLM called with H shape: (100,), lambda: 1.0, Gexp shape: (100,), wexp shape: (100,), kernMat shape: (100, 100)
2024-11-15 09:39:41,135 - DEBUG - kernel_prestore called with H shape: (100,), kernMat shape: (100, 100)
2024-11-15 09:39:41,136 - DEBUG - kernel_prestore output shape: (100,)
2024-11-15 09:39:41,137 - DEBUG - residualLM output r shape: (198,)
2024-11-15 09:39:41,138 - DEBUG - residualLM called with H shape: (100,), lambda: 1.0, Gexp shape: (100,), wexp shape: (100,), kernMat shape: (100, 100)
2024-11-15 09:39:41,139 - DEBUG - kernelD called with H shape: (100,), kernMat shape: (100, 100)
2024-11-15 09:39:41,145 - DEBUG - residualLM called with H shape: (100,), lambda: 1.0, Gexp shape: (100,), wexp shape: (100,), kernMat shape: (100, 100)
2024-11-15 09:39:41,146 - DEBUG - kernel_prestore called with H shape: (100,), kernMat shape: (100, 100)
2024-11-15 09:39:41,147 - DEBUG - kernel_prestore output shape: (100,)
2024-11-15 09:39:41,148 - DEBUG - residualLM output r shape: (198,)
2024-11-15 09:39:41,150 - DEBUG - residualLM called with H shape: (100,), lambda: 1.0, Gexp shape: (100,), wexp shape: (100,), kernMat shape: (100, 100)
2024-11-15 09:39:41,151 - DEBUG - kernel_prestore called with H shape: (100,), kernMat shape: (100, 100)
2024-11-15 09:39:41,152 - DEBUG - kernel_prestore output shape: (100,)
2024-11-15 09:39:41,153 - DEBUG - residualLM output r shape: (198,)
2024-11-15 09:39:41,154 - DEBUG - residualLM called with H shape: (100,), lambda: 1.0, Gexp shape: (100,), wexp shape: (100,), kernMat shape: (100, 100)
2024-11-15 09:39:41,155 - DEBUG - kernelD called with H shape: (100,), kernMat shape: (100, 100)
2024-11-15 09:39:41,162 - DEBUG - residualLM called with H shape: (100,), lambda: 1.0, Gexp shape: (100,), wexp shape: (100,), kernMat shape: (100, 100)
2024-11-15 09:39:41,163 - DEBUG - kernel_prestore called with H shape: (100,), kernMat shape: (100, 100)
2024-11-15 09:39:41,164 - DEBUG - kernel_prestore output shape: (100,)
2024-11-15 09:39:41,165 - DEBUG - residualLM output r shape: (198,)
2024-11-15 09:39:41,167 - DEBUG - residualLM called with H shape: (100,), lambda: 1.0, Gexp shape: (100,), wexp shape: (100,), kernMat shape: (100, 100)
2024-11-15 09:39:41,168 - DEBUG - kernel_prestore called with H shape: (100,), kernMat shape: (100, 100)
2024-11-15 09:39:41,170 - DEBUG - kernel_prestore output shape: (100,)
2024-11-15 09:39:41,170 - DEBUG - residualLM output r shape: (198,)
2024-11-15 09:39:41,171 - DEBUG - residualLM called with H shape: (100,), lambda: 1.0, Gexp shape: (100,), wexp shape: (100,), kernMat shape: (100, 100)
2024-11-15 09:39:41,173 - DEBUG - kernelD called with H shape: (100,), kernMat shape: (100, 100)
2024-11-15 09:39:41,179 - DEBUG - residualLM called with H shape: (100,), lambda: 1.0, Gexp shape: (100,), wexp shape: (100,), kernMat shape: (100, 100)
2024-11-15 09:39:41,181 - DEBUG - kernel_prestore called with H shape: (100,), kernMat shape: (100, 100)
2024-11-15 09:39:41,182 - DEBUG - kernel_prestore output shape: (100,)
2024-11-15 09:39:41,183 - DEBUG - residualLM output r shape: (198,)
2024-11-15 09:39:41,185 - DEBUG - residualLM called with H shape: (100,), lambda: 1.0, Gexp shape: (100,), wexp shape: (100,), kernMat shape: (100, 100)
2024-11-15 09:39:41,186 - DEBUG - kernel_prestore called with H shape: (100,), kernMat shape: (100, 100)
2024-11-15 09:39:41,187 - DEBUG - kernel_prestore output shape: (100,)
2024-11-15 09:39:41,188 - DEBUG - residualLM output r shape: (198,)
2024-11-15 09:39:41,189 - DEBUG - residualLM called with H shape: (100,), lambda: 1.0, Gexp shape: (100,), wexp shape: (100,), kernMat shape: (100, 100)
2024-11-15 09:39:41,190 - DEBUG - kernelD called with H shape: (100,), kernMat shape: (100, 100)
2024-11-15 09:39:41,197 - DEBUG - residualLM called with H shape: (100,), lambda: 1.0, Gexp shape: (100,), wexp shape: (100,), kernMat shape: (100, 100)
2024-11-15 09:39:41,197 - DEBUG - kernel_prestore called with H shape: (100,), kernMat shape: (100, 100)
2024-11-15 09:39:41,199 - DEBUG - kernel_prestore output shape: (100,)
2024-11-15 09:39:41,200 - DEBUG - residualLM output r shape: (198,)
2024-11-15 09:39:41,201 - DEBUG - residualLM called with H shape: (100,), lambda: 1.0, Gexp shape: (100,), wexp shape: (100,), kernMat shape: (100, 100)
2024-11-15 09:39:41,202 - DEBUG - kernelD called with H shape: (100,), kernMat shape: (100, 100)
2024-11-15 09:39:41,208 - DEBUG - residualLM called with H shape: (100,), lambda: 1.0, Gexp shape: (100,), wexp shape: (100,), kernMat shape: (100, 100)
2024-11-15 09:39:41,209 - DEBUG - kernel_prestore called with H shape: (100,), kernMat shape: (100, 100)
2024-11-15 09:39:41,210 - DEBUG - kernel_prestore output shape: (100,)
2024-11-15 09:39:41,211 - DEBUG - residualLM output r shape: (198,)
2024-11-15 09:39:41,213 - DEBUG - residualLM called with H shape: (100,), lambda: 1.0, Gexp shape: (100,), wexp shape: (100,), kernMat shape: (100, 100)
2024-11-15 09:39:41,214 - DEBUG - kernel_prestore called with H shape: (100,), kernMat shape: (100, 100)
2024-11-15 09:39:41,215 - DEBUG - kernel_prestore output shape: (100,)
2024-11-15 09:39:41,216 - DEBUG - residualLM output r shape: (198,)
2024-11-15 09:39:41,217 - DEBUG - residualLM called with H shape: (100,), lambda: 1.0, Gexp shape: (100,), wexp shape: (100,), kernMat shape: (100, 100)
2024-11-15 09:39:41,218 - DEBUG - kernelD called with H shape: (100,), kernMat shape: (100, 100)
2024-11-15 09:39:41,226 - DEBUG - residualLM called with H shape: (100,), lambda: 1.0, Gexp shape: (100,), wexp shape: (100,), kernMat shape: (100, 100)
2024-11-15 09:39:41,226 - DEBUG - kernel_prestore called with H shape: (100,), kernMat shape: (100, 100)
2024-11-15 09:39:41,227 - DEBUG - kernel_prestore output shape: (100,)
2024-11-15 09:39:41,228 - DEBUG - residualLM output r shape: (198,)
2024-11-15 09:39:41,229 - DEBUG - residualLM called with H shape: (100,), lambda: 1.0, Gexp shape: (100,), wexp shape: (100,), kernMat shape: (100, 100)
2024-11-15 09:39:41,231 - DEBUG - kernelD called with H shape: (100,), kernMat shape: (100, 100)
2024-11-15 09:39:41,238 - DEBUG - residualLM called with H shape: (100,), lambda: 1.0, Gexp shape: (100,), wexp shape: (100,), kernMat shape: (100, 100)
2024-11-15 09:39:41,239 - DEBUG - kernel_prestore called with H shape: (100,), kernMat shape: (100, 100)
2024-11-15 09:39:41,240 - DEBUG - kernel_prestore output shape: (100,)
2024-11-15 09:39:41,241 - DEBUG - residualLM output r shape: (198,)
2024-11-15 09:39:41,242 - DEBUG - residualLM called with H shape: (100,), lambda: 1.0, Gexp shape: (100,), wexp shape: (100,), kernMat shape: (100, 100)
2024-11-15 09:39:41,243 - DEBUG - kernelD called with H shape: (100,), kernMat shape: (100, 100)
2024-11-15 09:39:41,252 - DEBUG - residualLM called with H shape: (100,), lambda: 1.0, Gexp shape: (100,), wexp shape: (100,), kernMat shape: (100, 100)
2024-11-15 09:39:41,253 - DEBUG - kernel_prestore called with H shape: (100,), kernMat shape: (100, 100)
2024-11-15 09:39:41,254 - DEBUG - kernel_prestore output shape: (100,)
2024-11-15 09:39:41,255 - DEBUG - residualLM output r shape: (198,)
2024-11-15 09:39:41,256 - DEBUG - residualLM called with H shape: (100,), lambda: 1.0, Gexp shape: (100,), wexp shape: (100,), kernMat shape: (100, 100)
2024-11-15 09:39:41,258 - DEBUG - kernelD called with H shape: (100,), kernMat shape: (100, 100)
2024-11-15 09:39:41,264 - DEBUG - residualLM called with H shape: (100,), lambda: 1.0, Gexp shape: (100,), wexp shape: (100,), kernMat shape: (100, 100)
2024-11-15 09:39:41,266 - DEBUG - kernel_prestore called with H shape: (100,), kernMat shape: (100, 100)
2024-11-15 09:39:41,267 - DEBUG - kernel_prestore output shape: (100,)
2024-11-15 09:39:41,268 - DEBUG - residualLM output r shape: (198,)
2024-11-15 09:39:41,269 - DEBUG - residualLM called with H shape: (100,), lambda: 1.0, Gexp shape: (100,), wexp shape: (100,), kernMat shape: (100, 100)
2024-11-15 09:39:41,271 - DEBUG - kernelD called with H shape: (100,), kernMat shape: (100, 100)
2024-11-15 09:39:41,278 - DEBUG - residualLM called with H shape: (100,), lambda: 1.0, Gexp shape: (100,), wexp shape: (100,), kernMat shape: (100, 100)
2024-11-15 09:39:41,279 - DEBUG - kernel_prestore called with H shape: (100,), kernMat shape: (100, 100)
2024-11-15 09:39:41,280 - DEBUG - kernel_prestore output shape: (100,)
2024-11-15 09:39:41,281 - DEBUG - residualLM output r shape: (198,)
2024-11-15 09:39:41,282 - DEBUG - residualLM called with H shape: (100,), lambda: 1.0, Gexp shape: (100,), wexp shape: (100,), kernMat shape: (100, 100)
2024-11-15 09:39:41,283 - DEBUG - kernelD called with H shape: (100,), kernMat shape: (100, 100)
2024-11-15 09:39:41,289 - DEBUG - residualLM called with H shape: (100,), lambda: 1.0, Gexp shape: (100,), wexp shape: (100,), kernMat shape: (100, 100)
2024-11-15 09:39:41,290 - DEBUG - kernel_prestore called with H shape: (100,), kernMat shape: (100, 100)
2024-11-15 09:39:41,292 - DEBUG - kernel_prestore output shape: (100,)
2024-11-15 09:39:41,293 - DEBUG - residualLM output r shape: (198,)
2024-11-15 09:39:41,294 - DEBUG - residualLM called with H shape: (100,), lambda: 1.0, Gexp shape: (100,), wexp shape: (100,), kernMat shape: (100, 100)
2024-11-15 09:39:41,296 - DEBUG - kernelD called with H shape: (100,), kernMat shape: (100, 100)
2024-11-15 09:39:41,302 - DEBUG - residualLM called with H shape: (100,), lambda: 1.0, Gexp shape: (100,), wexp shape: (100,), kernMat shape: (100, 100)
2024-11-15 09:39:41,304 - DEBUG - kernel_prestore called with H shape: (100,), kernMat shape: (100, 100)
2024-11-15 09:39:41,305 - DEBUG - kernel_prestore output shape: (100,)
2024-11-15 09:39:41,306 - DEBUG - residualLM output r shape: (198,)
2024-11-15 09:39:41,307 - DEBUG - residualLM called with H shape: (100,), lambda: 1.0, Gexp shape: (100,), wexp shape: (100,), kernMat shape: (100, 100)
2024-11-15 09:39:41,309 - DEBUG - kernelD called with H shape: (100,), kernMat shape: (100, 100)
2024-11-15 09:39:41,311 - DEBUG - getH optimization result: success=True,  cost=0.0007364191812592984
2024-11-15 09:39:41,311 - DEBUG - getH optimization result: success=True, cost=0.0007364191812592984
2024-11-15 09:39:41,313 - DEBUG - InitializeH returning H shape: (100,)
2024-11-15 09:39:41,313 - DEBUG - lcurve called with Gexp shape: (100,), wexp shape: (100,), Hgs shape: (100,), kernMat shape: (100, 100)
2024-11-15 09:39:41,315 - DEBUG - getAmatrix called with ns: 100
2024-11-15 09:39:41,413 - DEBUG - lcurve iteration 25, lambda: 1000.0000000000018
2024-11-15 09:39:41,414 - DEBUG - getH called with lambda: 1000.0000000000018, Gexp shape: (100,), wexp shape: (100,), H shape: (100,), kernMat shape: (100, 100)
2024-11-15 09:39:41,415 - DEBUG - residualLM called with H shape: (100,), lambda: 1000.0000000000018, Gexp shape: (100,), wexp shape: (100,), kernMat shape: (100, 100)
2024-11-15 09:39:41,416 - DEBUG - kernel_prestore called with H shape: (100,), kernMat shape: (100, 100)
2024-11-15 09:39:41,418 - DEBUG - kernel_prestore output shape: (100,)
2024-11-15 09:39:41,419 - DEBUG - residualLM output r shape: (198,)
2024-11-15 09:39:41,420 - DEBUG - residualLM called with H shape: (100,), lambda: 1000.0000000000018, Gexp shape: (100,), wexp shape: (100,), kernMat shape: (100, 100)
2024-11-15 09:39:41,421 - DEBUG - kernelD called with H shape: (100,), kernMat shape: (100, 100)
2024-11-15 09:39:41,428 - DEBUG - residualLM called with H shape: (100,), lambda: 1000.0000000000018, Gexp shape: (100,), wexp shape: (100,), kernMat shape: (100, 100)
2024-11-15 09:39:41,429 - DEBUG - kernel_prestore called with H shape: (100,), kernMat shape: (100, 100)
2024-11-15 09:39:41,431 - DEBUG - kernel_prestore output shape: (100,)
2024-11-15 09:39:41,432 - DEBUG - residualLM output r shape: (198,)
2024-11-15 09:39:41,433 - DEBUG - residualLM called with H shape: (100,), lambda: 1000.0000000000018, Gexp shape: (100,), wexp shape: (100,), kernMat shape: (100, 100)
2024-11-15 09:39:41,435 - DEBUG - kernelD called with H shape: (100,), kernMat shape: (100, 100)
2024-11-15 09:39:41,442 - DEBUG - residualLM called with H shape: (100,), lambda: 1000.0000000000018, Gexp shape: (100,), wexp shape: (100,), kernMat shape: (100, 100)
2024-11-15 09:39:41,443 - DEBUG - kernel_prestore called with H shape: (100,), kernMat shape: (100, 100)
2024-11-15 09:39:41,445 - DEBUG - kernel_prestore output shape: (100,)
2024-11-15 09:39:41,445 - DEBUG - residualLM output r shape: (198,)
2024-11-15 09:39:41,446 - DEBUG - residualLM called with H shape: (100,), lambda: 1000.0000000000018, Gexp shape: (100,), wexp shape: (100,), kernMat shape: (100, 100)
2024-11-15 09:39:41,448 - DEBUG - kernelD called with H shape: (100,), kernMat shape: (100, 100)
2024-11-15 09:39:41,455 - DEBUG - residualLM called with H shape: (100,), lambda: 1000.0000000000018, Gexp shape: (100,), wexp shape: (100,), kernMat shape: (100, 100)
2024-11-15 09:39:41,456 - DEBUG - kernel_prestore called with H shape: (100,), kernMat shape: (100, 100)
2024-11-15 09:39:41,458 - DEBUG - kernel_prestore output shape: (100,)
2024-11-15 09:39:41,459 - DEBUG - residualLM output r shape: (198,)
2024-11-15 09:39:41,460 - DEBUG - residualLM called with H shape: (100,), lambda: 1000.0000000000018, Gexp shape: (100,), wexp shape: (100,), kernMat shape: (100, 100)
2024-11-15 09:39:41,462 - DEBUG - kernelD called with H shape: (100,), kernMat shape: (100, 100)
2024-11-15 09:39:41,468 - DEBUG - residualLM called with H shape: (100,), lambda: 1000.0000000000018, Gexp shape: (100,), wexp shape: (100,), kernMat shape: (100, 100)
2024-11-15 09:39:41,469 - DEBUG - kernel_prestore called with H shape: (100,), kernMat shape: (100, 100)
2024-11-15 09:39:41,471 - DEBUG - kernel_prestore output shape: (100,)
2024-11-15 09:39:41,471 - DEBUG - residualLM output r shape: (198,)
2024-11-15 09:39:41,472 - DEBUG - residualLM called with H shape: (100,), lambda: 1000.0000000000018, Gexp shape: (100,), wexp shape: (100,), kernMat shape: (100, 100)
2024-11-15 09:39:41,474 - DEBUG - kernelD called with H shape: (100,), kernMat shape: (100, 100)
2024-11-15 09:39:41,481 - DEBUG - residualLM called with H shape: (100,), lambda: 1000.0000000000018, Gexp shape: (100,), wexp shape: (100,), kernMat shape: (100, 100)
2024-11-15 09:39:41,482 - DEBUG - kernel_prestore called with H shape: (100,), kernMat shape: (100, 100)
2024-11-15 09:39:41,483 - DEBUG - kernel_prestore output shape: (100,)
2024-11-15 09:39:41,484 - DEBUG - residualLM output r shape: (198,)
2024-11-15 09:39:41,485 - DEBUG - residualLM called with H shape: (100,), lambda: 1000.0000000000018, Gexp shape: (100,), wexp shape: (100,), kernMat shape: (100, 100)
2024-11-15 09:39:41,487 - DEBUG - kernelD called with H shape: (100,), kernMat shape: (100, 100)
2024-11-15 09:39:41,489 - DEBUG - getH optimization result: success=True,  cost=0.05910437087544834
2024-11-15 09:39:41,490 - DEBUG - getH optimization result: success=True, cost=0.05910437087544834
2024-11-15 09:39:41,490 - DEBUG - kernel_prestore called with H shape: (100,), kernMat shape: (100, 100)
2024-11-15 09:39:41,492 - DEBUG - kernel_prestore output shape: (100,)
2024-11-15 09:39:41,493 - DEBUG - getBmatrix called with H shape: (100,), kernMat shape: (100, 100), Gexp shape: (100,), wexp shape: (100,)
2024-11-15 09:39:41,494 - DEBUG - kernelD called with H shape: (100,), kernMat shape: (100, 100)
2024-11-15 09:39:41,496 - DEBUG - kernel_prestore called with H shape: (100,), kernMat shape: (100, 100)
2024-11-15 09:39:41,497 - DEBUG - kernel_prestore output shape: (100,)
2024-11-15 09:39:41,621 - DEBUG - lcurve iteration 24, lambda: 301.99517204020214
2024-11-15 09:39:41,622 - DEBUG - getH called with lambda: 301.99517204020214, Gexp shape: (100,), wexp shape: (100,), H shape: (100,), kernMat shape: (100, 100)
2024-11-15 09:39:41,625 - DEBUG - residualLM called with H shape: (100,), lambda: 301.99517204020214, Gexp shape: (100,), wexp shape: (100,), kernMat shape: (100, 100)
2024-11-15 09:39:41,625 - DEBUG - kernel_prestore called with H shape: (100,), kernMat shape: (100, 100)
2024-11-15 09:39:41,627 - DEBUG - kernel_prestore output shape: (100,)
2024-11-15 09:39:41,628 - DEBUG - residualLM output r shape: (198,)
2024-11-15 09:39:41,629 - DEBUG - residualLM called with H shape: (100,), lambda: 301.99517204020214, Gexp shape: (100,), wexp shape: (100,), kernMat shape: (100, 100)
2024-11-15 09:39:41,631 - DEBUG - kernelD called with H shape: (100,), kernMat shape: (100, 100)
2024-11-15 09:39:41,638 - DEBUG - residualLM called with H shape: (100,), lambda: 301.99517204020214, Gexp shape: (100,), wexp shape: (100,), kernMat shape: (100, 100)
2024-11-15 09:39:41,639 - DEBUG - kernel_prestore called with H shape: (100,), kernMat shape: (100, 100)
2024-11-15 09:39:41,641 - DEBUG - kernel_prestore output shape: (100,)
2024-11-15 09:39:41,642 - DEBUG - residualLM output r shape: (198,)
2024-11-15 09:39:41,643 - DEBUG - residualLM called with H shape: (100,), lambda: 301.99517204020214, Gexp shape: (100,), wexp shape: (100,), kernMat shape: (100, 100)
2024-11-15 09:39:41,645 - DEBUG - kernelD called with H shape: (100,), kernMat shape: (100, 100)
2024-11-15 09:39:41,652 - DEBUG - residualLM called with H shape: (100,), lambda: 301.99517204020214, Gexp shape: (100,), wexp shape: (100,), kernMat shape: (100, 100)
2024-11-15 09:39:41,653 - DEBUG - kernel_prestore called with H shape: (100,), kernMat shape: (100, 100)
2024-11-15 09:39:41,655 - DEBUG - kernel_prestore output shape: (100,)
2024-11-15 09:39:41,656 - DEBUG - residualLM output r shape: (198,)
2024-11-15 09:39:41,657 - DEBUG - residualLM called with H shape: (100,), lambda: 301.99517204020214, Gexp shape: (100,), wexp shape: (100,), kernMat shape: (100, 100)
2024-11-15 09:39:41,658 - DEBUG - kernelD called with H shape: (100,), kernMat shape: (100, 100)
2024-11-15 09:39:41,665 - DEBUG - residualLM called with H shape: (100,), lambda: 301.99517204020214, Gexp shape: (100,), wexp shape: (100,), kernMat shape: (100, 100)
2024-11-15 09:39:41,666 - DEBUG - kernel_prestore called with H shape: (100,), kernMat shape: (100, 100)
2024-11-15 09:39:41,668 - DEBUG - kernel_prestore output shape: (100,)
2024-11-15 09:39:41,669 - DEBUG - residualLM output r shape: (198,)
2024-11-15 09:39:41,670 - DEBUG - residualLM called with H shape: (100,), lambda: 301.99517204020214, Gexp shape: (100,), wexp shape: (100,), kernMat shape: (100, 100)
2024-11-15 09:39:41,672 - DEBUG - kernelD called with H shape: (100,), kernMat shape: (100, 100)
2024-11-15 09:39:41,678 - DEBUG - residualLM called with H shape: (100,), lambda: 301.99517204020214, Gexp shape: (100,), wexp shape: (100,), kernMat shape: (100, 100)
2024-11-15 09:39:41,679 - DEBUG - kernel_prestore called with H shape: (100,), kernMat shape: (100, 100)
2024-11-15 09:39:41,680 - DEBUG - kernel_prestore output shape: (100,)
2024-11-15 09:39:41,681 - DEBUG - residualLM output r shape: (198,)
2024-11-15 09:39:41,682 - DEBUG - residualLM called with H shape: (100,), lambda: 301.99517204020214, Gexp shape: (100,), wexp shape: (100,), kernMat shape: (100, 100)
2024-11-15 09:39:41,683 - DEBUG - kernelD called with H shape: (100,), kernMat shape: (100, 100)
2024-11-15 09:39:41,685 - DEBUG - getH optimization result: success=True,  cost=0.0320122629851855
2024-11-15 09:39:41,686 - DEBUG - getH optimization result: success=True, cost=0.0320122629851855
2024-11-15 09:39:41,687 - DEBUG - kernel_prestore called with H shape: (100,), kernMat shape: (100, 100)
2024-11-15 09:39:41,688 - DEBUG - kernel_prestore output shape: (100,)
2024-11-15 09:39:41,689 - DEBUG - getBmatrix called with H shape: (100,), kernMat shape: (100, 100), Gexp shape: (100,), wexp shape: (100,)
2024-11-15 09:39:41,690 - DEBUG - kernelD called with H shape: (100,), kernMat shape: (100, 100)
2024-11-15 09:39:41,691 - DEBUG - kernel_prestore called with H shape: (100,), kernMat shape: (100, 100)
2024-11-15 09:39:41,692 - DEBUG - kernel_prestore output shape: (100,)
2024-11-15 09:39:41,761 - DEBUG - lcurve iteration 23, lambda: 91.20108393559113
2024-11-15 09:39:41,762 - DEBUG - getH called with lambda: 91.20108393559113, Gexp shape: (100,), wexp shape: (100,), H shape: (100,), kernMat shape: (100, 100)
2024-11-15 09:39:41,764 - DEBUG - residualLM called with H shape: (100,), lambda: 91.20108393559113, Gexp shape: (100,), wexp shape: (100,), kernMat shape: (100, 100)
2024-11-15 09:39:41,764 - DEBUG - kernel_prestore called with H shape: (100,), kernMat shape: (100, 100)
2024-11-15 09:39:41,766 - DEBUG - kernel_prestore output shape: (100,)
2024-11-15 09:39:41,766 - DEBUG - residualLM output r shape: (198,)
2024-11-15 09:39:41,768 - DEBUG - residualLM called with H shape: (100,), lambda: 91.20108393559113, Gexp shape: (100,), wexp shape: (100,), kernMat shape: (100, 100)
2024-11-15 09:39:41,769 - DEBUG - kernelD called with H shape: (100,), kernMat shape: (100, 100)
2024-11-15 09:39:41,776 - DEBUG - residualLM called with H shape: (100,), lambda: 91.20108393559113, Gexp shape: (100,), wexp shape: (100,), kernMat shape: (100, 100)
2024-11-15 09:39:41,776 - DEBUG - kernel_prestore called with H shape: (100,), kernMat shape: (100, 100)
2024-11-15 09:39:41,778 - DEBUG - kernel_prestore output shape: (100,)
2024-11-15 09:39:41,779 - DEBUG - residualLM output r shape: (198,)
2024-11-15 09:39:41,780 - DEBUG - residualLM called with H shape: (100,), lambda: 91.20108393559113, Gexp shape: (100,), wexp shape: (100,), kernMat shape: (100, 100)
2024-11-15 09:39:41,782 - DEBUG - kernelD called with H shape: (100,), kernMat shape: (100, 100)
2024-11-15 09:39:41,788 - DEBUG - residualLM called with H shape: (100,), lambda: 91.20108393559113, Gexp shape: (100,), wexp shape: (100,), kernMat shape: (100, 100)
2024-11-15 09:39:41,789 - DEBUG - kernel_prestore called with H shape: (100,), kernMat shape: (100, 100)
2024-11-15 09:39:41,790 - DEBUG - kernel_prestore output shape: (100,)
2024-11-15 09:39:41,790 - DEBUG - residualLM output r shape: (198,)
2024-11-15 09:39:41,792 - DEBUG - residualLM called with H shape: (100,), lambda: 91.20108393559113, Gexp shape: (100,), wexp shape: (100,), kernMat shape: (100, 100)
2024-11-15 09:39:41,793 - DEBUG - kernelD called with H shape: (100,), kernMat shape: (100, 100)
2024-11-15 09:39:41,800 - DEBUG - residualLM called with H shape: (100,), lambda: 91.20108393559113, Gexp shape: (100,), wexp shape: (100,), kernMat shape: (100, 100)
2024-11-15 09:39:41,801 - DEBUG - kernel_prestore called with H shape: (100,), kernMat shape: (100, 100)
2024-11-15 09:39:41,802 - DEBUG - kernel_prestore output shape: (100,)
2024-11-15 09:39:41,803 - DEBUG - residualLM output r shape: (198,)
2024-11-15 09:39:41,804 - DEBUG - residualLM called with H shape: (100,), lambda: 91.20108393559113, Gexp shape: (100,), wexp shape: (100,), kernMat shape: (100, 100)
2024-11-15 09:39:41,805 - DEBUG - kernelD called with H shape: (100,), kernMat shape: (100, 100)
2024-11-15 09:39:41,812 - DEBUG - residualLM called with H shape: (100,), lambda: 91.20108393559113, Gexp shape: (100,), wexp shape: (100,), kernMat shape: (100, 100)
2024-11-15 09:39:41,813 - DEBUG - kernel_prestore called with H shape: (100,), kernMat shape: (100, 100)
2024-11-15 09:39:41,814 - DEBUG - kernel_prestore output shape: (100,)
2024-11-15 09:39:41,815 - DEBUG - residualLM output r shape: (198,)
2024-11-15 09:39:41,816 - DEBUG - residualLM called with H shape: (100,), lambda: 91.20108393559113, Gexp shape: (100,), wexp shape: (100,), kernMat shape: (100, 100)
2024-11-15 09:39:41,817 - DEBUG - kernelD called with H shape: (100,), kernMat shape: (100, 100)
2024-11-15 09:39:41,819 - DEBUG - getH optimization result: success=True,  cost=0.015151515658854125
2024-11-15 09:39:41,820 - DEBUG - getH optimization result: success=True, cost=0.015151515658854125
2024-11-15 09:39:41,821 - DEBUG - kernel_prestore called with H shape: (100,), kernMat shape: (100, 100)
2024-11-15 09:39:41,822 - DEBUG - kernel_prestore output shape: (100,)
2024-11-15 09:39:41,823 - DEBUG - getBmatrix called with H shape: (100,), kernMat shape: (100, 100), Gexp shape: (100,), wexp shape: (100,)
2024-11-15 09:39:41,824 - DEBUG - kernelD called with H shape: (100,), kernMat shape: (100, 100)
2024-11-15 09:39:41,825 - DEBUG - kernel_prestore called with H shape: (100,), kernMat shape: (100, 100)
2024-11-15 09:39:41,826 - DEBUG - kernel_prestore output shape: (100,)
2024-11-15 09:39:41,958 - DEBUG - lcurve iteration 22, lambda: 27.542287033381708
2024-11-15 09:39:41,960 - DEBUG - getH called with lambda: 27.542287033381708, Gexp shape: (100,), wexp shape: (100,), H shape: (100,), kernMat shape: (100, 100)
2024-11-15 09:39:41,962 - DEBUG - residualLM called with H shape: (100,), lambda: 27.542287033381708, Gexp shape: (100,), wexp shape: (100,), kernMat shape: (100, 100)
2024-11-15 09:39:41,963 - DEBUG - kernel_prestore called with H shape: (100,), kernMat shape: (100, 100)
2024-11-15 09:39:41,964 - DEBUG - kernel_prestore output shape: (100,)
2024-11-15 09:39:41,966 - DEBUG - residualLM output r shape: (198,)
2024-11-15 09:39:41,967 - DEBUG - residualLM called with H shape: (100,), lambda: 27.542287033381708, Gexp shape: (100,), wexp shape: (100,), kernMat shape: (100, 100)
2024-11-15 09:39:41,968 - DEBUG - kernelD called with H shape: (100,), kernMat shape: (100, 100)
2024-11-15 09:39:41,975 - DEBUG - residualLM called with H shape: (100,), lambda: 27.542287033381708, Gexp shape: (100,), wexp shape: (100,), kernMat shape: (100, 100)
2024-11-15 09:39:41,976 - DEBUG - kernel_prestore called with H shape: (100,), kernMat shape: (100, 100)
2024-11-15 09:39:41,978 - DEBUG - kernel_prestore output shape: (100,)
2024-11-15 09:39:41,979 - DEBUG - residualLM output r shape: (198,)
2024-11-15 09:39:41,980 - DEBUG - residualLM called with H shape: (100,), lambda: 27.542287033381708, Gexp shape: (100,), wexp shape: (100,), kernMat shape: (100, 100)
2024-11-15 09:39:41,981 - DEBUG - kernelD called with H shape: (100,), kernMat shape: (100, 100)
2024-11-15 09:39:41,988 - DEBUG - residualLM called with H shape: (100,), lambda: 27.542287033381708, Gexp shape: (100,), wexp shape: (100,), kernMat shape: (100, 100)
2024-11-15 09:39:41,989 - DEBUG - kernel_prestore called with H shape: (100,), kernMat shape: (100, 100)
2024-11-15 09:39:41,991 - DEBUG - kernel_prestore output shape: (100,)
2024-11-15 09:39:41,991 - DEBUG - residualLM output r shape: (198,)
2024-11-15 09:39:41,992 - DEBUG - residualLM called with H shape: (100,), lambda: 27.542287033381708, Gexp shape: (100,), wexp shape: (100,), kernMat shape: (100, 100)
2024-11-15 09:39:41,993 - DEBUG - kernelD called with H shape: (100,), kernMat shape: (100, 100)
2024-11-15 09:39:42,000 - DEBUG - residualLM called with H shape: (100,), lambda: 27.542287033381708, Gexp shape: (100,), wexp shape: (100,), kernMat shape: (100, 100)
2024-11-15 09:39:42,001 - DEBUG - kernel_prestore called with H shape: (100,), kernMat shape: (100, 100)
2024-11-15 09:39:42,002 - DEBUG - kernel_prestore output shape: (100,)
2024-11-15 09:39:42,003 - DEBUG - residualLM output r shape: (198,)
2024-11-15 09:39:42,004 - DEBUG - residualLM called with H shape: (100,), lambda: 27.542287033381708, Gexp shape: (100,), wexp shape: (100,), kernMat shape: (100, 100)
2024-11-15 09:39:42,006 - DEBUG - kernelD called with H shape: (100,), kernMat shape: (100, 100)
2024-11-15 09:39:42,013 - DEBUG - residualLM called with H shape: (100,), lambda: 27.542287033381708, Gexp shape: (100,), wexp shape: (100,), kernMat shape: (100, 100)
2024-11-15 09:39:42,014 - DEBUG - kernel_prestore called with H shape: (100,), kernMat shape: (100, 100)
2024-11-15 09:39:42,015 - DEBUG - kernel_prestore output shape: (100,)
2024-11-15 09:39:42,015 - DEBUG - residualLM output r shape: (198,)
2024-11-15 09:39:42,017 - DEBUG - residualLM called with H shape: (100,), lambda: 27.542287033381708, Gexp shape: (100,), wexp shape: (100,), kernMat shape: (100, 100)
2024-11-15 09:39:42,018 - DEBUG - kernelD called with H shape: (100,), kernMat shape: (100, 100)
2024-11-15 09:39:42,020 - DEBUG - getH optimization result: success=True,  cost=0.007095839365866456
2024-11-15 09:39:42,020 - DEBUG - getH optimization result: success=True, cost=0.007095839365866456
2024-11-15 09:39:42,021 - DEBUG - kernel_prestore called with H shape: (100,), kernMat shape: (100, 100)
2024-11-15 09:39:42,022 - DEBUG - kernel_prestore output shape: (100,)
2024-11-15 09:39:42,023 - DEBUG - getBmatrix called with H shape: (100,), kernMat shape: (100, 100), Gexp shape: (100,), wexp shape: (100,)
2024-11-15 09:39:42,025 - DEBUG - kernelD called with H shape: (100,), kernMat shape: (100, 100)
2024-11-15 09:39:42,026 - DEBUG - kernel_prestore called with H shape: (100,), kernMat shape: (100, 100)
2024-11-15 09:39:42,027 - DEBUG - kernel_prestore output shape: (100,)
2024-11-15 09:39:42,110 - DEBUG - lcurve iteration 21, lambda: 8.317637711026723
2024-11-15 09:39:42,111 - DEBUG - getH called with lambda: 8.317637711026723, Gexp shape: (100,), wexp shape: (100,), H shape: (100,), kernMat shape: (100, 100)
2024-11-15 09:39:42,113 - DEBUG - residualLM called with H shape: (100,), lambda: 8.317637711026723, Gexp shape: (100,), wexp shape: (100,), kernMat shape: (100, 100)
2024-11-15 09:39:42,114 - DEBUG - kernel_prestore called with H shape: (100,), kernMat shape: (100, 100)
2024-11-15 09:39:42,115 - DEBUG - kernel_prestore output shape: (100,)
2024-11-15 09:39:42,116 - DEBUG - residualLM output r shape: (198,)
2024-11-15 09:39:42,116 - DEBUG - residualLM called with H shape: (100,), lambda: 8.317637711026723, Gexp shape: (100,), wexp shape: (100,), kernMat shape: (100, 100)
2024-11-15 09:39:42,118 - DEBUG - kernelD called with H shape: (100,), kernMat shape: (100, 100)
2024-11-15 09:39:42,125 - DEBUG - residualLM called with H shape: (100,), lambda: 8.317637711026723, Gexp shape: (100,), wexp shape: (100,), kernMat shape: (100, 100)
2024-11-15 09:39:42,126 - DEBUG - kernel_prestore called with H shape: (100,), kernMat shape: (100, 100)
2024-11-15 09:39:42,127 - DEBUG - kernel_prestore output shape: (100,)
2024-11-15 09:39:42,128 - DEBUG - residualLM output r shape: (198,)
2024-11-15 09:39:42,129 - DEBUG - residualLM called with H shape: (100,), lambda: 8.317637711026723, Gexp shape: (100,), wexp shape: (100,), kernMat shape: (100, 100)
2024-11-15 09:39:42,131 - DEBUG - kernelD called with H shape: (100,), kernMat shape: (100, 100)
2024-11-15 09:39:42,138 - DEBUG - residualLM called with H shape: (100,), lambda: 8.317637711026723, Gexp shape: (100,), wexp shape: (100,), kernMat shape: (100, 100)
2024-11-15 09:39:42,139 - DEBUG - kernel_prestore called with H shape: (100,), kernMat shape: (100, 100)
2024-11-15 09:39:42,140 - DEBUG - kernel_prestore output shape: (100,)
2024-11-15 09:39:42,141 - DEBUG - residualLM output r shape: (198,)
2024-11-15 09:39:42,142 - DEBUG - residualLM called with H shape: (100,), lambda: 8.317637711026723, Gexp shape: (100,), wexp shape: (100,), kernMat shape: (100, 100)
2024-11-15 09:39:42,143 - DEBUG - kernelD called with H shape: (100,), kernMat shape: (100, 100)
2024-11-15 09:39:42,150 - DEBUG - residualLM called with H shape: (100,), lambda: 8.317637711026723, Gexp shape: (100,), wexp shape: (100,), kernMat shape: (100, 100)
2024-11-15 09:39:42,151 - DEBUG - kernel_prestore called with H shape: (100,), kernMat shape: (100, 100)
2024-11-15 09:39:42,152 - DEBUG - kernel_prestore output shape: (100,)
2024-11-15 09:39:42,153 - DEBUG - residualLM output r shape: (198,)
2024-11-15 09:39:42,154 - DEBUG - residualLM called with H shape: (100,), lambda: 8.317637711026723, Gexp shape: (100,), wexp shape: (100,), kernMat shape: (100, 100)
2024-11-15 09:39:42,155 - DEBUG - kernelD called with H shape: (100,), kernMat shape: (100, 100)
2024-11-15 09:39:42,162 - DEBUG - residualLM called with H shape: (100,), lambda: 8.317637711026723, Gexp shape: (100,), wexp shape: (100,), kernMat shape: (100, 100)
2024-11-15 09:39:42,163 - DEBUG - kernel_prestore called with H shape: (100,), kernMat shape: (100, 100)
2024-11-15 09:39:42,165 - DEBUG - kernel_prestore output shape: (100,)
2024-11-15 09:39:42,165 - DEBUG - residualLM output r shape: (198,)
2024-11-15 09:39:42,166 - DEBUG - residualLM called with H shape: (100,), lambda: 8.317637711026723, Gexp shape: (100,), wexp shape: (100,), kernMat shape: (100, 100)
2024-11-15 09:39:42,168 - DEBUG - kernelD called with H shape: (100,), kernMat shape: (100, 100)
2024-11-15 09:39:42,169 - DEBUG - getH optimization result: success=True,  cost=0.003309466427631115
2024-11-15 09:39:42,170 - DEBUG - getH optimization result: success=True, cost=0.003309466427631115
2024-11-15 09:39:42,171 - DEBUG - kernel_prestore called with H shape: (100,), kernMat shape: (100, 100)
2024-11-15 09:39:42,172 - DEBUG - kernel_prestore output shape: (100,)
2024-11-15 09:39:42,172 - DEBUG - getBmatrix called with H shape: (100,), kernMat shape: (100, 100), Gexp shape: (100,), wexp shape: (100,)
2024-11-15 09:39:42,173 - DEBUG - kernelD called with H shape: (100,), kernMat shape: (100, 100)
2024-11-15 09:39:42,175 - DEBUG - kernel_prestore called with H shape: (100,), kernMat shape: (100, 100)
2024-11-15 09:39:42,175 - DEBUG - kernel_prestore output shape: (100,)
2024-11-15 09:39:42,265 - DEBUG - lcurve iteration 20, lambda: 2.5118864315095837
2024-11-15 09:39:42,267 - DEBUG - getH called with lambda: 2.5118864315095837, Gexp shape: (100,), wexp shape: (100,), H shape: (100,), kernMat shape: (100, 100)
2024-11-15 09:39:42,269 - DEBUG - residualLM called with H shape: (100,), lambda: 2.5118864315095837, Gexp shape: (100,), wexp shape: (100,), kernMat shape: (100, 100)
2024-11-15 09:39:42,269 - DEBUG - kernel_prestore called with H shape: (100,), kernMat shape: (100, 100)
2024-11-15 09:39:42,271 - DEBUG - kernel_prestore output shape: (100,)
2024-11-15 09:39:42,272 - DEBUG - residualLM output r shape: (198,)
2024-11-15 09:39:42,273 - DEBUG - residualLM called with H shape: (100,), lambda: 2.5118864315095837, Gexp shape: (100,), wexp shape: (100,), kernMat shape: (100, 100)
2024-11-15 09:39:42,275 - DEBUG - kernelD called with H shape: (100,), kernMat shape: (100, 100)
2024-11-15 09:39:42,282 - DEBUG - residualLM called with H shape: (100,), lambda: 2.5118864315095837, Gexp shape: (100,), wexp shape: (100,), kernMat shape: (100, 100)
2024-11-15 09:39:42,283 - DEBUG - kernel_prestore called with H shape: (100,), kernMat shape: (100, 100)
2024-11-15 09:39:42,284 - DEBUG - kernel_prestore output shape: (100,)
2024-11-15 09:39:42,284 - DEBUG - residualLM output r shape: (198,)
2024-11-15 09:39:42,285 - DEBUG - residualLM called with H shape: (100,), lambda: 2.5118864315095837, Gexp shape: (100,), wexp shape: (100,), kernMat shape: (100, 100)
2024-11-15 09:39:42,287 - DEBUG - kernelD called with H shape: (100,), kernMat shape: (100, 100)
2024-11-15 09:39:42,294 - DEBUG - residualLM called with H shape: (100,), lambda: 2.5118864315095837, Gexp shape: (100,), wexp shape: (100,), kernMat shape: (100, 100)
2024-11-15 09:39:42,295 - DEBUG - kernel_prestore called with H shape: (100,), kernMat shape: (100, 100)
2024-11-15 09:39:42,296 - DEBUG - kernel_prestore output shape: (100,)
2024-11-15 09:39:42,297 - DEBUG - residualLM output r shape: (198,)
2024-11-15 09:39:42,298 - DEBUG - residualLM called with H shape: (100,), lambda: 2.5118864315095837, Gexp shape: (100,), wexp shape: (100,), kernMat shape: (100, 100)
2024-11-15 09:39:42,300 - DEBUG - kernelD called with H shape: (100,), kernMat shape: (100, 100)
2024-11-15 09:39:42,306 - DEBUG - residualLM called with H shape: (100,), lambda: 2.5118864315095837, Gexp shape: (100,), wexp shape: (100,), kernMat shape: (100, 100)
2024-11-15 09:39:42,307 - DEBUG - kernel_prestore called with H shape: (100,), kernMat shape: (100, 100)
2024-11-15 09:39:42,308 - DEBUG - kernel_prestore output shape: (100,)
2024-11-15 09:39:42,309 - DEBUG - residualLM output r shape: (198,)
2024-11-15 09:39:42,310 - DEBUG - residualLM called with H shape: (100,), lambda: 2.5118864315095837, Gexp shape: (100,), wexp shape: (100,), kernMat shape: (100, 100)
2024-11-15 09:39:42,312 - DEBUG - kernelD called with H shape: (100,), kernMat shape: (100, 100)
2024-11-15 09:39:42,313 - DEBUG - getH optimization result: success=True,  cost=0.0014443779509130407
2024-11-15 09:39:42,314 - DEBUG - getH optimization result: success=True, cost=0.0014443779509130407
2024-11-15 09:39:42,315 - DEBUG - kernel_prestore called with H shape: (100,), kernMat shape: (100, 100)
2024-11-15 09:39:42,316 - DEBUG - kernel_prestore output shape: (100,)
2024-11-15 09:39:42,317 - DEBUG - getBmatrix called with H shape: (100,), kernMat shape: (100, 100), Gexp shape: (100,), wexp shape: (100,)
2024-11-15 09:39:42,318 - DEBUG - kernelD called with H shape: (100,), kernMat shape: (100, 100)
2024-11-15 09:39:42,319 - DEBUG - kernel_prestore called with H shape: (100,), kernMat shape: (100, 100)
2024-11-15 09:39:42,320 - DEBUG - kernel_prestore output shape: (100,)
2024-11-15 09:39:42,377 - DEBUG - lcurve iteration 19, lambda: 0.7585775750291849
2024-11-15 09:39:42,378 - DEBUG - getH called with lambda: 0.7585775750291849, Gexp shape: (100,), wexp shape: (100,), H shape: (100,), kernMat shape: (100, 100)
2024-11-15 09:39:42,380 - DEBUG - residualLM called with H shape: (100,), lambda: 0.7585775750291849, Gexp shape: (100,), wexp shape: (100,), kernMat shape: (100, 100)
2024-11-15 09:39:42,381 - DEBUG - kernel_prestore called with H shape: (100,), kernMat shape: (100, 100)
2024-11-15 09:39:42,383 - DEBUG - kernel_prestore output shape: (100,)
2024-11-15 09:39:42,384 - DEBUG - residualLM output r shape: (198,)
2024-11-15 09:39:42,385 - DEBUG - residualLM called with H shape: (100,), lambda: 0.7585775750291849, Gexp shape: (100,), wexp shape: (100,), kernMat shape: (100, 100)
2024-11-15 09:39:42,386 - DEBUG - kernelD called with H shape: (100,), kernMat shape: (100, 100)
2024-11-15 09:39:42,393 - DEBUG - residualLM called with H shape: (100,), lambda: 0.7585775750291849, Gexp shape: (100,), wexp shape: (100,), kernMat shape: (100, 100)
2024-11-15 09:39:42,394 - DEBUG - kernel_prestore called with H shape: (100,), kernMat shape: (100, 100)
2024-11-15 09:39:42,396 - DEBUG - kernel_prestore output shape: (100,)
2024-11-15 09:39:42,397 - DEBUG - residualLM output r shape: (198,)
2024-11-15 09:39:42,398 - DEBUG - residualLM called with H shape: (100,), lambda: 0.7585775750291849, Gexp shape: (100,), wexp shape: (100,), kernMat shape: (100, 100)
2024-11-15 09:39:42,400 - DEBUG - kernelD called with H shape: (100,), kernMat shape: (100, 100)
2024-11-15 09:39:42,407 - DEBUG - residualLM called with H shape: (100,), lambda: 0.7585775750291849, Gexp shape: (100,), wexp shape: (100,), kernMat shape: (100, 100)
2024-11-15 09:39:42,407 - DEBUG - kernel_prestore called with H shape: (100,), kernMat shape: (100, 100)
2024-11-15 09:39:42,409 - DEBUG - kernel_prestore output shape: (100,)
2024-11-15 09:39:42,410 - DEBUG - residualLM output r shape: (198,)
2024-11-15 09:39:42,410 - DEBUG - residualLM called with H shape: (100,), lambda: 0.7585775750291849, Gexp shape: (100,), wexp shape: (100,), kernMat shape: (100, 100)
2024-11-15 09:39:42,412 - DEBUG - kernelD called with H shape: (100,), kernMat shape: (100, 100)
2024-11-15 09:39:42,419 - DEBUG - residualLM called with H shape: (100,), lambda: 0.7585775750291849, Gexp shape: (100,), wexp shape: (100,), kernMat shape: (100, 100)
2024-11-15 09:39:42,420 - DEBUG - kernel_prestore called with H shape: (100,), kernMat shape: (100, 100)
2024-11-15 09:39:42,421 - DEBUG - kernel_prestore output shape: (100,)
2024-11-15 09:39:42,422 - DEBUG - residualLM output r shape: (198,)
2024-11-15 09:39:42,423 - DEBUG - residualLM called with H shape: (100,), lambda: 0.7585775750291849, Gexp shape: (100,), wexp shape: (100,), kernMat shape: (100, 100)
2024-11-15 09:39:42,424 - DEBUG - kernelD called with H shape: (100,), kernMat shape: (100, 100)
2024-11-15 09:39:42,426 - DEBUG - getH optimization result: success=True,  cost=0.0006006608140283872
2024-11-15 09:39:42,426 - DEBUG - getH optimization result: success=True, cost=0.0006006608140283872
2024-11-15 09:39:42,427 - DEBUG - kernel_prestore called with H shape: (100,), kernMat shape: (100, 100)
2024-11-15 09:39:42,429 - DEBUG - kernel_prestore output shape: (100,)
2024-11-15 09:39:42,429 - DEBUG - getBmatrix called with H shape: (100,), kernMat shape: (100, 100), Gexp shape: (100,), wexp shape: (100,)
2024-11-15 09:39:42,431 - DEBUG - kernelD called with H shape: (100,), kernMat shape: (100, 100)
2024-11-15 09:39:42,432 - DEBUG - kernel_prestore called with H shape: (100,), kernMat shape: (100, 100)
2024-11-15 09:39:42,433 - DEBUG - kernel_prestore output shape: (100,)
2024-11-15 09:39:42,513 - DEBUG - lcurve iteration 18, lambda: 0.2290867652767776
2024-11-15 09:39:42,515 - DEBUG - getH called with lambda: 0.2290867652767776, Gexp shape: (100,), wexp shape: (100,), H shape: (100,), kernMat shape: (100, 100)
2024-11-15 09:39:42,517 - DEBUG - residualLM called with H shape: (100,), lambda: 0.2290867652767776, Gexp shape: (100,), wexp shape: (100,), kernMat shape: (100, 100)
2024-11-15 09:39:42,517 - DEBUG - kernel_prestore called with H shape: (100,), kernMat shape: (100, 100)
2024-11-15 09:39:42,519 - DEBUG - kernel_prestore output shape: (100,)
2024-11-15 09:39:42,520 - DEBUG - residualLM output r shape: (198,)
2024-11-15 09:39:42,521 - DEBUG - residualLM called with H shape: (100,), lambda: 0.2290867652767776, Gexp shape: (100,), wexp shape: (100,), kernMat shape: (100, 100)
2024-11-15 09:39:42,522 - DEBUG - kernelD called with H shape: (100,), kernMat shape: (100, 100)
2024-11-15 09:39:42,529 - DEBUG - residualLM called with H shape: (100,), lambda: 0.2290867652767776, Gexp shape: (100,), wexp shape: (100,), kernMat shape: (100, 100)
2024-11-15 09:39:42,530 - DEBUG - kernel_prestore called with H shape: (100,), kernMat shape: (100, 100)
2024-11-15 09:39:42,532 - DEBUG - kernel_prestore output shape: (100,)
2024-11-15 09:39:42,533 - DEBUG - residualLM output r shape: (198,)
2024-11-15 09:39:42,533 - DEBUG - residualLM called with H shape: (100,), lambda: 0.2290867652767776, Gexp shape: (100,), wexp shape: (100,), kernMat shape: (100, 100)
2024-11-15 09:39:42,535 - DEBUG - kernelD called with H shape: (100,), kernMat shape: (100, 100)
2024-11-15 09:39:42,542 - DEBUG - residualLM called with H shape: (100,), lambda: 0.2290867652767776, Gexp shape: (100,), wexp shape: (100,), kernMat shape: (100, 100)
2024-11-15 09:39:42,543 - DEBUG - kernel_prestore called with H shape: (100,), kernMat shape: (100, 100)
2024-11-15 09:39:42,544 - DEBUG - kernel_prestore output shape: (100,)
2024-11-15 09:39:42,544 - DEBUG - residualLM output r shape: (198,)
2024-11-15 09:39:42,546 - DEBUG - residualLM called with H shape: (100,), lambda: 0.2290867652767776, Gexp shape: (100,), wexp shape: (100,), kernMat shape: (100, 100)
2024-11-15 09:39:42,547 - DEBUG - kernelD called with H shape: (100,), kernMat shape: (100, 100)
2024-11-15 09:39:42,554 - DEBUG - residualLM called with H shape: (100,), lambda: 0.2290867652767776, Gexp shape: (100,), wexp shape: (100,), kernMat shape: (100, 100)
2024-11-15 09:39:42,555 - DEBUG - kernel_prestore called with H shape: (100,), kernMat shape: (100, 100)
2024-11-15 09:39:42,556 - DEBUG - kernel_prestore output shape: (100,)
2024-11-15 09:39:42,556 - DEBUG - residualLM output r shape: (198,)
2024-11-15 09:39:42,557 - DEBUG - residualLM called with H shape: (100,), lambda: 0.2290867652767776, Gexp shape: (100,), wexp shape: (100,), kernMat shape: (100, 100)
2024-11-15 09:39:42,559 - DEBUG - kernelD called with H shape: (100,), kernMat shape: (100, 100)
2024-11-15 09:39:42,562 - DEBUG - getH optimization result: success=True,  cost=0.0002491308051352923
2024-11-15 09:39:42,562 - DEBUG - getH optimization result: success=True, cost=0.0002491308051352923
2024-11-15 09:39:42,563 - DEBUG - kernel_prestore called with H shape: (100,), kernMat shape: (100, 100)
2024-11-15 09:39:42,565 - DEBUG - kernel_prestore output shape: (100,)
2024-11-15 09:39:42,565 - DEBUG - getBmatrix called with H shape: (100,), kernMat shape: (100, 100), Gexp shape: (100,), wexp shape: (100,)
2024-11-15 09:39:42,566 - DEBUG - kernelD called with H shape: (100,), kernMat shape: (100, 100)
2024-11-15 09:39:42,568 - DEBUG - kernel_prestore called with H shape: (100,), kernMat shape: (100, 100)
2024-11-15 09:39:42,569 - DEBUG - kernel_prestore output shape: (100,)
2024-11-15 09:39:42,637 - DEBUG - lcurve iteration 17, lambda: 0.06918309709189374
2024-11-15 09:39:42,638 - DEBUG - getH called with lambda: 0.06918309709189374, Gexp shape: (100,), wexp shape: (100,), H shape: (100,), kernMat shape: (100, 100)
2024-11-15 09:39:42,639 - DEBUG - residualLM called with H shape: (100,), lambda: 0.06918309709189374, Gexp shape: (100,), wexp shape: (100,), kernMat shape: (100, 100)
2024-11-15 09:39:42,640 - DEBUG - kernel_prestore called with H shape: (100,), kernMat shape: (100, 100)
2024-11-15 09:39:42,642 - DEBUG - kernel_prestore output shape: (100,)
2024-11-15 09:39:42,643 - DEBUG - residualLM output r shape: (198,)
2024-11-15 09:39:42,644 - DEBUG - residualLM called with H shape: (100,), lambda: 0.06918309709189374, Gexp shape: (100,), wexp shape: (100,), kernMat shape: (100, 100)
2024-11-15 09:39:42,645 - DEBUG - kernelD called with H shape: (100,), kernMat shape: (100, 100)
2024-11-15 09:39:42,652 - DEBUG - residualLM called with H shape: (100,), lambda: 0.06918309709189374, Gexp shape: (100,), wexp shape: (100,), kernMat shape: (100, 100)
2024-11-15 09:39:42,653 - DEBUG - kernel_prestore called with H shape: (100,), kernMat shape: (100, 100)
2024-11-15 09:39:42,655 - DEBUG - kernel_prestore output shape: (100,)
2024-11-15 09:39:42,656 - DEBUG - residualLM output r shape: (198,)
2024-11-15 09:39:42,656 - DEBUG - residualLM called with H shape: (100,), lambda: 0.06918309709189374, Gexp shape: (100,), wexp shape: (100,), kernMat shape: (100, 100)
2024-11-15 09:39:42,658 - DEBUG - kernelD called with H shape: (100,), kernMat shape: (100, 100)
2024-11-15 09:39:42,665 - DEBUG - residualLM called with H shape: (100,), lambda: 0.06918309709189374, Gexp shape: (100,), wexp shape: (100,), kernMat shape: (100, 100)
2024-11-15 09:39:42,666 - DEBUG - kernel_prestore called with H shape: (100,), kernMat shape: (100, 100)
2024-11-15 09:39:42,668 - DEBUG - kernel_prestore output shape: (100,)
2024-11-15 09:39:42,669 - DEBUG - residualLM output r shape: (198,)
2024-11-15 09:39:42,670 - DEBUG - residualLM called with H shape: (100,), lambda: 0.06918309709189374, Gexp shape: (100,), wexp shape: (100,), kernMat shape: (100, 100)
2024-11-15 09:39:42,671 - DEBUG - kernelD called with H shape: (100,), kernMat shape: (100, 100)
2024-11-15 09:39:42,679 - DEBUG - residualLM called with H shape: (100,), lambda: 0.06918309709189374, Gexp shape: (100,), wexp shape: (100,), kernMat shape: (100, 100)
2024-11-15 09:39:42,679 - DEBUG - kernel_prestore called with H shape: (100,), kernMat shape: (100, 100)
2024-11-15 09:39:42,681 - DEBUG - kernel_prestore output shape: (100,)
2024-11-15 09:39:42,681 - DEBUG - residualLM output r shape: (198,)
2024-11-15 09:39:42,682 - DEBUG - residualLM called with H shape: (100,), lambda: 0.06918309709189374, Gexp shape: (100,), wexp shape: (100,), kernMat shape: (100, 100)
2024-11-15 09:39:42,684 - DEBUG - kernelD called with H shape: (100,), kernMat shape: (100, 100)
2024-11-15 09:39:42,685 - DEBUG - getH optimization result: success=True,  cost=0.0001034104205656781
2024-11-15 09:39:42,686 - DEBUG - getH optimization result: success=True, cost=0.0001034104205656781
2024-11-15 09:39:42,687 - DEBUG - kernel_prestore called with H shape: (100,), kernMat shape: (100, 100)
2024-11-15 09:39:42,688 - DEBUG - kernel_prestore output shape: (100,)
2024-11-15 09:39:42,689 - DEBUG - getBmatrix called with H shape: (100,), kernMat shape: (100, 100), Gexp shape: (100,), wexp shape: (100,)
2024-11-15 09:39:42,690 - DEBUG - kernelD called with H shape: (100,), kernMat shape: (100, 100)
2024-11-15 09:39:42,692 - DEBUG - kernel_prestore called with H shape: (100,), kernMat shape: (100, 100)
2024-11-15 09:39:42,693 - DEBUG - kernel_prestore output shape: (100,)
2024-11-15 09:39:42,789 - DEBUG - lcurve iteration 16, lambda: 0.02089296130854042
2024-11-15 09:39:42,790 - DEBUG - getH called with lambda: 0.02089296130854042, Gexp shape: (100,), wexp shape: (100,), H shape: (100,), kernMat shape: (100, 100)
2024-11-15 09:39:42,792 - DEBUG - residualLM called with H shape: (100,), lambda: 0.02089296130854042, Gexp shape: (100,), wexp shape: (100,), kernMat shape: (100, 100)
2024-11-15 09:39:42,792 - DEBUG - kernel_prestore called with H shape: (100,), kernMat shape: (100, 100)
2024-11-15 09:39:42,793 - DEBUG - kernel_prestore output shape: (100,)
2024-11-15 09:39:42,795 - DEBUG - residualLM output r shape: (198,)
2024-11-15 09:39:42,795 - DEBUG - residualLM called with H shape: (100,), lambda: 0.02089296130854042, Gexp shape: (100,), wexp shape: (100,), kernMat shape: (100, 100)
2024-11-15 09:39:42,797 - DEBUG - kernelD called with H shape: (100,), kernMat shape: (100, 100)
2024-11-15 09:39:42,803 - DEBUG - residualLM called with H shape: (100,), lambda: 0.02089296130854042, Gexp shape: (100,), wexp shape: (100,), kernMat shape: (100, 100)
2024-11-15 09:39:42,804 - DEBUG - kernel_prestore called with H shape: (100,), kernMat shape: (100, 100)
2024-11-15 09:39:42,806 - DEBUG - kernel_prestore output shape: (100,)
2024-11-15 09:39:42,806 - DEBUG - residualLM output r shape: (198,)
2024-11-15 09:39:42,808 - DEBUG - residualLM called with H shape: (100,), lambda: 0.02089296130854042, Gexp shape: (100,), wexp shape: (100,), kernMat shape: (100, 100)
2024-11-15 09:39:42,809 - DEBUG - kernel_prestore called with H shape: (100,), kernMat shape: (100, 100)
2024-11-15 09:39:42,810 - DEBUG - kernel_prestore output shape: (100,)
2024-11-15 09:39:42,812 - DEBUG - residualLM output r shape: (198,)
2024-11-15 09:39:42,812 - DEBUG - residualLM called with H shape: (100,), lambda: 0.02089296130854042, Gexp shape: (100,), wexp shape: (100,), kernMat shape: (100, 100)
2024-11-15 09:39:42,814 - DEBUG - kernelD called with H shape: (100,), kernMat shape: (100, 100)
2024-11-15 09:39:42,821 - DEBUG - residualLM called with H shape: (100,), lambda: 0.02089296130854042, Gexp shape: (100,), wexp shape: (100,), kernMat shape: (100, 100)
2024-11-15 09:39:42,822 - DEBUG - kernel_prestore called with H shape: (100,), kernMat shape: (100, 100)
2024-11-15 09:39:42,823 - DEBUG - kernel_prestore output shape: (100,)
2024-11-15 09:39:42,824 - DEBUG - residualLM output r shape: (198,)
2024-11-15 09:39:42,825 - DEBUG - residualLM called with H shape: (100,), lambda: 0.02089296130854042, Gexp shape: (100,), wexp shape: (100,), kernMat shape: (100, 100)
2024-11-15 09:39:42,826 - DEBUG - kernelD called with H shape: (100,), kernMat shape: (100, 100)
2024-11-15 09:39:42,833 - DEBUG - residualLM called with H shape: (100,), lambda: 0.02089296130854042, Gexp shape: (100,), wexp shape: (100,), kernMat shape: (100, 100)
2024-11-15 09:39:42,834 - DEBUG - kernel_prestore called with H shape: (100,), kernMat shape: (100, 100)
2024-11-15 09:39:42,836 - DEBUG - kernel_prestore output shape: (100,)
2024-11-15 09:39:42,836 - DEBUG - residualLM output r shape: (198,)
2024-11-15 09:39:42,838 - DEBUG - residualLM called with H shape: (100,), lambda: 0.02089296130854042, Gexp shape: (100,), wexp shape: (100,), kernMat shape: (100, 100)
2024-11-15 09:39:42,839 - DEBUG - kernelD called with H shape: (100,), kernMat shape: (100, 100)
2024-11-15 09:39:42,846 - DEBUG - residualLM called with H shape: (100,), lambda: 0.02089296130854042, Gexp shape: (100,), wexp shape: (100,), kernMat shape: (100, 100)
2024-11-15 09:39:42,847 - DEBUG - kernel_prestore called with H shape: (100,), kernMat shape: (100, 100)
2024-11-15 09:39:42,849 - DEBUG - kernel_prestore output shape: (100,)
2024-11-15 09:39:42,850 - DEBUG - residualLM output r shape: (198,)
2024-11-15 09:39:42,851 - DEBUG - residualLM called with H shape: (100,), lambda: 0.02089296130854042, Gexp shape: (100,), wexp shape: (100,), kernMat shape: (100, 100)
2024-11-15 09:39:42,853 - DEBUG - kernelD called with H shape: (100,), kernMat shape: (100, 100)
2024-11-15 09:39:42,859 - DEBUG - residualLM called with H shape: (100,), lambda: 0.02089296130854042, Gexp shape: (100,), wexp shape: (100,), kernMat shape: (100, 100)
2024-11-15 09:39:42,860 - DEBUG - kernel_prestore called with H shape: (100,), kernMat shape: (100, 100)
2024-11-15 09:39:42,861 - DEBUG - kernel_prestore output shape: (100,)
2024-11-15 09:39:42,862 - DEBUG - residualLM output r shape: (198,)
2024-11-15 09:39:42,864 - DEBUG - residualLM called with H shape: (100,), lambda: 0.02089296130854042, Gexp shape: (100,), wexp shape: (100,), kernMat shape: (100, 100)
2024-11-15 09:39:42,865 - DEBUG - kernelD called with H shape: (100,), kernMat shape: (100, 100)
2024-11-15 09:39:42,867 - DEBUG - getH optimization result: success=True,  cost=4.2805658892000125e-05
2024-11-15 09:39:42,868 - DEBUG - getH optimization result: success=True, cost=4.2805658892000125e-05
2024-11-15 09:39:42,869 - DEBUG - kernel_prestore called with H shape: (100,), kernMat shape: (100, 100)
2024-11-15 09:39:42,871 - DEBUG - kernel_prestore output shape: (100,)
2024-11-15 09:39:42,872 - DEBUG - getBmatrix called with H shape: (100,), kernMat shape: (100, 100), Gexp shape: (100,), wexp shape: (100,)
2024-11-15 09:39:42,873 - DEBUG - kernelD called with H shape: (100,), kernMat shape: (100, 100)
2024-11-15 09:39:42,874 - DEBUG - kernel_prestore called with H shape: (100,), kernMat shape: (100, 100)
2024-11-15 09:39:42,875 - DEBUG - kernel_prestore output shape: (100,)
2024-11-15 09:39:42,930 - DEBUG - lcurve iteration 15, lambda: 0.00630957344480194
2024-11-15 09:39:42,931 - DEBUG - getH called with lambda: 0.00630957344480194, Gexp shape: (100,), wexp shape: (100,), H shape: (100,), kernMat shape: (100, 100)
2024-11-15 09:39:42,932 - DEBUG - residualLM called with H shape: (100,), lambda: 0.00630957344480194, Gexp shape: (100,), wexp shape: (100,), kernMat shape: (100, 100)
2024-11-15 09:39:42,933 - DEBUG - kernel_prestore called with H shape: (100,), kernMat shape: (100, 100)
2024-11-15 09:39:42,934 - DEBUG - kernel_prestore output shape: (100,)
2024-11-15 09:39:42,935 - DEBUG - residualLM output r shape: (198,)
2024-11-15 09:39:42,936 - DEBUG - residualLM called with H shape: (100,), lambda: 0.00630957344480194, Gexp shape: (100,), wexp shape: (100,), kernMat shape: (100, 100)
2024-11-15 09:39:42,937 - DEBUG - kernelD called with H shape: (100,), kernMat shape: (100, 100)
2024-11-15 09:39:42,944 - DEBUG - residualLM called with H shape: (100,), lambda: 0.00630957344480194, Gexp shape: (100,), wexp shape: (100,), kernMat shape: (100, 100)
2024-11-15 09:39:42,945 - DEBUG - kernel_prestore called with H shape: (100,), kernMat shape: (100, 100)
2024-11-15 09:39:42,946 - DEBUG - kernel_prestore output shape: (100,)
2024-11-15 09:39:42,947 - DEBUG - residualLM output r shape: (198,)
2024-11-15 09:39:42,949 - DEBUG - residualLM called with H shape: (100,), lambda: 0.00630957344480194, Gexp shape: (100,), wexp shape: (100,), kernMat shape: (100, 100)
2024-11-15 09:39:42,950 - DEBUG - kernel_prestore called with H shape: (100,), kernMat shape: (100, 100)
2024-11-15 09:39:42,951 - DEBUG - kernel_prestore output shape: (100,)
2024-11-15 09:39:42,952 - DEBUG - residualLM output r shape: (198,)
2024-11-15 09:39:42,953 - DEBUG - residualLM called with H shape: (100,), lambda: 0.00630957344480194, Gexp shape: (100,), wexp shape: (100,), kernMat shape: (100, 100)
2024-11-15 09:39:42,954 - DEBUG - kernelD called with H shape: (100,), kernMat shape: (100, 100)
2024-11-15 09:39:42,961 - DEBUG - residualLM called with H shape: (100,), lambda: 0.00630957344480194, Gexp shape: (100,), wexp shape: (100,), kernMat shape: (100, 100)
2024-11-15 09:39:42,962 - DEBUG - kernel_prestore called with H shape: (100,), kernMat shape: (100, 100)
2024-11-15 09:39:42,964 - DEBUG - kernel_prestore output shape: (100,)
2024-11-15 09:39:42,965 - DEBUG - residualLM output r shape: (198,)
2024-11-15 09:39:42,966 - DEBUG - residualLM called with H shape: (100,), lambda: 0.00630957344480194, Gexp shape: (100,), wexp shape: (100,), kernMat shape: (100, 100)
2024-11-15 09:39:42,967 - DEBUG - kernelD called with H shape: (100,), kernMat shape: (100, 100)
2024-11-15 09:39:42,974 - DEBUG - residualLM called with H shape: (100,), lambda: 0.00630957344480194, Gexp shape: (100,), wexp shape: (100,), kernMat shape: (100, 100)
2024-11-15 09:39:42,975 - DEBUG - kernel_prestore called with H shape: (100,), kernMat shape: (100, 100)
2024-11-15 09:39:42,976 - DEBUG - kernel_prestore output shape: (100,)
2024-11-15 09:39:42,977 - DEBUG - residualLM output r shape: (198,)
2024-11-15 09:39:42,978 - DEBUG - residualLM called with H shape: (100,), lambda: 0.00630957344480194, Gexp shape: (100,), wexp shape: (100,), kernMat shape: (100, 100)
2024-11-15 09:39:42,980 - DEBUG - kernelD called with H shape: (100,), kernMat shape: (100, 100)
2024-11-15 09:39:42,986 - DEBUG - residualLM called with H shape: (100,), lambda: 0.00630957344480194, Gexp shape: (100,), wexp shape: (100,), kernMat shape: (100, 100)
2024-11-15 09:39:42,987 - DEBUG - kernel_prestore called with H shape: (100,), kernMat shape: (100, 100)
2024-11-15 09:39:42,988 - DEBUG - kernel_prestore output shape: (100,)
2024-11-15 09:39:42,989 - DEBUG - residualLM output r shape: (198,)
2024-11-15 09:39:42,990 - DEBUG - residualLM called with H shape: (100,), lambda: 0.00630957344480194, Gexp shape: (100,), wexp shape: (100,), kernMat shape: (100, 100)
2024-11-15 09:39:42,991 - DEBUG - kernelD called with H shape: (100,), kernMat shape: (100, 100)
2024-11-15 09:39:42,998 - DEBUG - residualLM called with H shape: (100,), lambda: 0.00630957344480194, Gexp shape: (100,), wexp shape: (100,), kernMat shape: (100, 100)
2024-11-15 09:39:42,999 - DEBUG - kernel_prestore called with H shape: (100,), kernMat shape: (100, 100)
2024-11-15 09:39:43,001 - DEBUG - kernel_prestore output shape: (100,)
2024-11-15 09:39:43,002 - DEBUG - residualLM output r shape: (198,)
2024-11-15 09:39:43,003 - DEBUG - residualLM called with H shape: (100,), lambda: 0.00630957344480194, Gexp shape: (100,), wexp shape: (100,), kernMat shape: (100, 100)
2024-11-15 09:39:43,004 - DEBUG - kernelD called with H shape: (100,), kernMat shape: (100, 100)
2024-11-15 09:39:43,006 - DEBUG - getH optimization result: success=True,  cost=1.836139586877966e-05
2024-11-15 09:39:43,007 - DEBUG - getH optimization result: success=True, cost=1.836139586877966e-05
2024-11-15 09:39:43,008 - DEBUG - kernel_prestore called with H shape: (100,), kernMat shape: (100, 100)
2024-11-15 09:39:43,009 - DEBUG - kernel_prestore output shape: (100,)
2024-11-15 09:39:43,010 - DEBUG - getBmatrix called with H shape: (100,), kernMat shape: (100, 100), Gexp shape: (100,), wexp shape: (100,)
2024-11-15 09:39:43,011 - DEBUG - kernelD called with H shape: (100,), kernMat shape: (100, 100)
2024-11-15 09:39:43,013 - DEBUG - kernel_prestore called with H shape: (100,), kernMat shape: (100, 100)
2024-11-15 09:39:43,014 - DEBUG - kernel_prestore output shape: (100,)
2024-11-15 09:39:43,362 - INFO - lamC = 2.478e+00
2024-11-15 09:39:43,363 - DEBUG - Before getH call (without plateau): lamC=2.478267733068096, Gexp shape=(100,), wexp shape=(100,), Hgs shape=(100,), kernMat shape=(100, 100)
2024-11-15 09:39:43,364 - DEBUG - getH called with lambda: 2.478267733068096, Gexp shape: (100,), wexp shape: (100,), H shape: (100,), kernMat shape: (100, 100)
2024-11-15 09:39:43,365 - DEBUG - residualLM called with H shape: (100,), lambda: 2.478267733068096, Gexp shape: (100,), wexp shape: (100,), kernMat shape: (100, 100)
2024-11-15 09:39:43,366 - DEBUG - kernel_prestore called with H shape: (100,), kernMat shape: (100, 100)
2024-11-15 09:39:43,367 - DEBUG - kernel_prestore output shape: (100,)
2024-11-15 09:39:43,368 - DEBUG - residualLM output r shape: (198,)
2024-11-15 09:39:43,369 - DEBUG - residualLM called with H shape: (100,), lambda: 2.478267733068096, Gexp shape: (100,), wexp shape: (100,), kernMat shape: (100, 100)
2024-11-15 09:39:43,370 - DEBUG - kernelD called with H shape: (100,), kernMat shape: (100, 100)
2024-11-15 09:39:43,375 - DEBUG - residualLM called with H shape: (100,), lambda: 2.478267733068096, Gexp shape: (100,), wexp shape: (100,), kernMat shape: (100, 100)
2024-11-15 09:39:43,376 - DEBUG - kernel_prestore called with H shape: (100,), kernMat shape: (100, 100)
2024-11-15 09:39:43,377 - DEBUG - kernel_prestore output shape: (100,)
2024-11-15 09:39:43,378 - DEBUG - residualLM output r shape: (198,)
2024-11-15 09:39:43,379 - DEBUG - residualLM called with H shape: (100,), lambda: 2.478267733068096, Gexp shape: (100,), wexp shape: (100,), kernMat shape: (100, 100)
2024-11-15 09:39:43,381 - DEBUG - kernelD called with H shape: (100,), kernMat shape: (100, 100)
2024-11-15 09:39:43,386 - DEBUG - residualLM called with H shape: (100,), lambda: 2.478267733068096, Gexp shape: (100,), wexp shape: (100,), kernMat shape: (100, 100)
2024-11-15 09:39:43,387 - DEBUG - kernel_prestore called with H shape: (100,), kernMat shape: (100, 100)
2024-11-15 09:39:43,388 - DEBUG - kernel_prestore output shape: (100,)
2024-11-15 09:39:43,389 - DEBUG - residualLM output r shape: (198,)
2024-11-15 09:39:43,390 - DEBUG - residualLM called with H shape: (100,), lambda: 2.478267733068096, Gexp shape: (100,), wexp shape: (100,), kernMat shape: (100, 100)
2024-11-15 09:39:43,391 - DEBUG - kernelD called with H shape: (100,), kernMat shape: (100, 100)
2024-11-15 09:39:43,398 - DEBUG - residualLM called with H shape: (100,), lambda: 2.478267733068096, Gexp shape: (100,), wexp shape: (100,), kernMat shape: (100, 100)
2024-11-15 09:39:43,399 - DEBUG - kernel_prestore called with H shape: (100,), kernMat shape: (100, 100)
2024-11-15 09:39:43,400 - DEBUG - kernel_prestore output shape: (100,)
2024-11-15 09:39:43,401 - DEBUG - residualLM output r shape: (198,)
2024-11-15 09:39:43,402 - DEBUG - residualLM called with H shape: (100,), lambda: 2.478267733068096, Gexp shape: (100,), wexp shape: (100,), kernMat shape: (100, 100)
2024-11-15 09:39:43,403 - DEBUG - kernelD called with H shape: (100,), kernMat shape: (100, 100)
2024-11-15 09:39:43,409 - DEBUG - residualLM called with H shape: (100,), lambda: 2.478267733068096, Gexp shape: (100,), wexp shape: (100,), kernMat shape: (100, 100)
2024-11-15 09:39:43,410 - DEBUG - kernel_prestore called with H shape: (100,), kernMat shape: (100, 100)
2024-11-15 09:39:43,411 - DEBUG - kernel_prestore output shape: (100,)
2024-11-15 09:39:43,412 - DEBUG - residualLM output r shape: (198,)
2024-11-15 09:39:43,413 - DEBUG - residualLM called with H shape: (100,), lambda: 2.478267733068096, Gexp shape: (100,), wexp shape: (100,), kernMat shape: (100, 100)
2024-11-15 09:39:43,414 - DEBUG - kernelD called with H shape: (100,), kernMat shape: (100, 100)
2024-11-15 09:39:43,416 - DEBUG - getH optimization result: success=True,  cost=0.0014304135705996866
2024-11-15 09:39:43,417 - DEBUG - getH optimization result: success=True, cost=0.0014304135705996866
2024-11-15 09:39:43,418 - DEBUG - After getH call (without plateau): H shape=(100,)
2024-11-15 09:39:43,418 - DEBUG - kernel_prestore called with H shape: (100,), kernMat shape: (100, 100)
2024-11-15 09:39:43,420 - DEBUG - kernel_prestore output shape: (100,)
2024-11-15 09:39:43,985 - DEBUG - kernel_prestore called with H shape: (100,), kernMat shape: (100, 100)
2024-11-15 09:39:43,987 - DEBUG - kernel_prestore output shape: (100,)
2024-11-15 09:39:44,768 - INFO - Finished getContSpec
2024-11-15 09:39:44,769 - INFO - Finished main program successfully
